###############################################################################
#
# IAR ELF Linker V9.50.2.385/W64 for ARM                  20/Dec/2025  12:51:59
# Copyright 2007-2024 IAR Systems AB.
#
#    Output file  =  C:\Users\andre\Desktop\code\Debug\Exe\iarproject.out
#    Map file     =  C:\Users\andre\Desktop\code\Debug\List\iarproject.map
#    Command line =
#        -f C:\Users\andre\Desktop\code\Debug\Exe\iarproject.out.rsp
#        (C:\Users\andre\Desktop\code\Debug\Obj\Mode_16823006984759215243.dir\ChessMode.o
#        C:\Users\andre\Desktop\code\Debug\Obj\Mode_16823006984759215243.dir\CommonMode.o
#        C:\Users\andre\Desktop\code\Debug\Obj\Mode_16823006984759215243.dir\FadeGlowMode.o
#        C:\Users\andre\Desktop\code\Debug\Obj\Led_14876625504071601537.dir\Led.o
#        C:\Users\andre\Desktop\code\Debug\Obj\main.o
#        C:\Users\andre\Desktop\code\Debug\Obj\LcdController_17721151500262453669.dir\ModeController.o
#        C:\Users\andre\Desktop\code\Debug\Obj\Mode_16823006984759215243.dir\RunningLightMode.o
#        C:\Users\andre\Desktop\code\Debug\Obj\startupF411RE.o
#        C:\Users\andre\Desktop\code\Debug\Obj\Button_16955066607175535019.dir\UserButton.o
#        --no_out_extension -o
#        C:\Users\andre\Desktop\code\Debug\Exe\iarproject.out --map
#        C:\Users\andre\Desktop\code\Debug\List\iarproject.map --log
#        libraries,initialization,modules,redirects,sections,veneers,unused_fragments,call_graph
#        --log_file C:\Users\andre\Desktop\code\Debug\List\iarproject.log
#        --config C:\Users\andre\Desktop\code\stm32f411xE.icf --semihosting
#        --entry __iar_program_start --vfe --text_out locale --cpu=Cortex-M4
#        --fpu=VFPv4_sp) --dependencies=n
#        C:\Users\andre\Desktop\code\Debug\Exe\iarproject.out.iar_deps
#
###############################################################################

*******************************************************************************
*** RUNTIME MODEL ATTRIBUTES
***

CppFlavor                     = *
__CPP_Exceptions              = Disabled
__CPP_Language                = C++14
__CPP_Library                 = DLib
__CPP_Runtime                 = 1
__Heap_Handler                = Basic
__SystemLibrary               = DLib
__dlib_dynamic_initialization = normal
__dlib_version                = 6


*******************************************************************************
*** HEAP SELECTION
***

The basic heap was selected because --advanced_heap
was not specified and the application did not appear to
be primarily optimized for speed.


*******************************************************************************
*** PLACEMENT SUMMARY
***

"A0":  place at address 0x800'0000 { ro section .intvec };
"P1":  place in [from 0x800'0000 to 0x807'ffff] { ro };
define block CSTACK with size = 4K, alignment = 8 { };
define block HEAP with size = 4K, alignment = 8 { };
"P2":  place in [from 0x2000'0000 to 0x2001'ffff] {
          rw, block CSTACK, block HEAP };
initialize by copy { rw };

  Section                Kind         Address  Aligment    Size  Object
  -------                ----         -------  --------    ----  ------
"A0":                                                     0x198
  .intvec                const     0x800'0000         4   0x198  startupF411RE.o [1]
                                 - 0x800'0198             0x198

"P1":                                                     0x98c
  .text                  ro code   0x800'0198         4   0x1c0  main.o [1]
  .text                  ro code   0x800'0358         4    0x36  UserButton.o [2]
  .text                  ro code   0x800'038e         2    0x2a  copy_init3.o [9]
  .text                  ro code   0x800'03b8         4    0x88  Led.o [4]
  .text                  ro code   0x800'0440         4    0x4a  RunningLightMode.o [5]
  .rodata                zero      0x800'048a               0x1  CommonMode.o [5]
  .rodata                zero      0x800'048b               0x1  FadeGlowMode.o [5]
  .text                  ro code   0x800'048c         4    0x7a  FadeGlowMode.o [5]
  .rodata                const     0x800'0506               0x1  unwind_debug.o [10]
  .text                  ro code   0x800'0508         4    0x7a  ChessMode.o [5]
  .text                  ro code   0x800'0584         4    0x6a  ModeController.o [3]
  .text                  ro code   0x800'05f0         4    0x24  ABIassert.o [10]
  .text                  ro code   0x800'0614         2     0xc  UserButton.o [2]
  .text                  ro code   0x800'0620         2     0xc  Led.o [4]
  .text                  ro code   0x800'062c         2     0xc  Led.o [4]
  .text                  ro code   0x800'0638         4    0x72  CommonMode.o [5]
  .text                  ro code   0x800'06aa         2     0x6  FadeGlowMode.o [5]
  .text                  ro code   0x800'06b0         2     0xc  ChessMode.o [5]
  .text                  ro code   0x800'06bc         2    0x18  FadeGlowMode.o [5]
  .text                  ro code   0x800'06d4         2    0x18  FadeGlowMode.o [5]
  .text                  ro code   0x800'06ec         2    0x1c  FadeGlowMode.o [5]
  .text                  ro code   0x800'0708         2     0x4  FadeGlowMode.o [5]
  .text                  ro code   0x800'070c         2     0x8  FadeGlowMode.o [5]
  .text                  ro code   0x800'0714         2     0x6  ChessMode.o [5]
  .text                  ro code   0x800'071a         2     0xc  ModeController.o [3]
  .text                  ro code   0x800'0726         2     0xc  ModeController.o [3]
  .text                  ro code   0x800'0732         2     0x6  ModeController.o [3]
  .text                  ro code   0x800'0738         2     0x6  abort.o [6]
  .text                  ro code   0x800'073e         2     0x2  UserButton.o [2]
  .text                  ro code   0x800'0740         2     0x2  Led.o [4]
  .text                  ro code   0x800'0742         2     0x2  Led.o [4]
  .text                  ro code   0x800'0744         2     0xc  CommonMode.o [5]
  .text                  ro code   0x800'0750         2    0x18  CommonMode.o [5]
  .text                  ro code   0x800'0768         2    0x18  CommonMode.o [5]
  .text                  ro code   0x800'0780         2    0x1c  CommonMode.o [5]
  .text                  ro code   0x800'079c         2     0x4  CommonMode.o [5]
  .text                  ro code   0x800'07a0         2     0x8  CommonMode.o [5]
  .text                  ro code   0x800'07a8         2     0x6  ChessMode.o [5]
  .text                  ro code   0x800'07b0         4    0x14  FadeGlowMode.o [5]
  .text                  ro code   0x800'07c4         2     0x8  FadeGlowMode.o [5]
  .text                  ro code   0x800'07cc         2    0x12  FadeGlowMode.o [5]
  .text                  ro code   0x800'07de         2     0x2  ModeController.o [3]
  .text                  ro code   0x800'07e0         2     0x6  ModeController.o [3]
  .text                  ro code   0x800'07e8         4    0x14  exit.o [10]
  .text                  ro code   0x800'07fc         2     0x2  CommonMode.o [5]
  .text                  ro code   0x800'0800         4    0x14  CommonMode.o [5]
  .text                  ro code   0x800'0814         2     0x8  CommonMode.o [5]
  .text                  ro code   0x800'081c         2    0x12  CommonMode.o [5]
  .text                  ro code   0x800'082e         2     0x2  FadeGlowMode.o [5]
  .text                  ro code   0x800'0830         2     0x2  CommonMode.o [5]
  .rodata                const     0x800'0834         4    0x44  main.o [1]
  .text                  ro code   0x800'0878         2    0x38  zero_init3.o [9]
  Initializer bytes      const     0x800'08b0         4    0x38  <for P2-1>
  .rodata                const     0x800'08e8         4    0x34  Led.o [4]
  .text                  ro code   0x800'091c         4    0x2a  data_init.o [9]
  .rodata                const     0x800'0948         4    0x24  Led.o [4]
  .rodata                const     0x800'096c         4    0x24  main.o [1]
  .text                  ro code   0x800'0990         4    0x22  fpinit_M.o [8]
  .iar.init_table        const     0x800'09b4         4    0x28  - Linker created -
  .text                  ro code   0x800'09dc         4    0x20  cmain_call_ctors.o [9]
  .text                  ro code   0x800'09fc         4    0x18  cppinit.o [6]
  .text                  ro code   0x800'0a14         4    0x1e  cmain.o [9]
  .text                  ro code   0x800'0a32         2     0x4  exit.o [6]
  .text                  ro code   0x800'0a38         4     0xa  cexit.o [9]
  .rodata                const     0x800'0a44         4    0x1c  main.o [1]
  .text                  ro code   0x800'0a60         2    0x12  startupF411RE.o [1]
  .rodata                const     0x800'0a74         4    0x10  ChessMode.o [5]
  .rodata                const     0x800'0a84         4    0x10  CommonMode.o [5]
  .rodata                const     0x800'0a94         4    0x10  FadeGlowMode.o [5]
  .rodata                const     0x800'0aa4         4    0x10  Led.o [4]
  .rodata                const     0x800'0ab4         4    0x10  ModeController.o [3]
  .rodata                const     0x800'0ac4         4    0x10  RunningLightMode.o [5]
  .text                  ro code   0x800'0ad4         4    0x10  main.o [1]
  .text                  ro code   0x800'0ae4         4    0x10  main.o [1]
  .text                  ro code   0x800'0af4         4    0x10  main.o [1]
  .rodata                const     0x800'0b04         4     0xc  UserButton.o [2]
  .text                  ro code   0x800'0b10         2     0x6  main.o [1]
  .text                  ro code   0x800'0b16         2     0x6  main.o [1]
  .text                  ro code   0x800'0b1c         2     0x4  xpurevirtual.o [6]
  SHT$$PREINIT_ARRAY               0x800'0b20               0x0  <Block>
  SHT$$INIT_ARRAY                  0x800'0b20               0x4  <Block>
    .init_array          const     0x800'0b20         4     0x4  main.o [1]
  __iar_tls$$INIT_ARRAY            0x800'0b24               0x0  <Block>
  .rodata                const     0x800'0b24               0x0  zero_init3.o [9]
  .rodata                const     0x800'0b24               0x0  copy_init3.o [9]
                                 - 0x800'0b24             0x98c

"P2", part 1 of 3:                                         0x38
  P2-1                            0x2000'0000         4    0x38  <Init block>
    .data                inited   0x2000'0000         4     0x4  main.o [1]
    .data                inited   0x2000'0004         4     0x8  main.o [1]
    .data                inited   0x2000'000c         4    0x10  main.o [1]
    .data                inited   0x2000'001c         4    0x10  main.o [1]
    .data                inited   0x2000'002c         4     0xc  main.o [1]
                                - 0x2000'0038              0x38

"P2", part 2 of 3:                                         0x88
  .bss                   zero     0x2000'0038         4    0x14  main.o [1]
  .bss                   zero     0x2000'004c         4    0x14  main.o [1]
  .bss                   zero     0x2000'0060         4    0x10  main.o [1]
  .bss                   zero     0x2000'0070         4    0x10  main.o [1]
  .bss                   zero     0x2000'0080         4    0x10  main.o [1]
  .bss                   zero     0x2000'0090         4    0x10  main.o [1]
  .bss                   zero     0x2000'00a0         4    0x10  main.o [1]
  .bss                   zero     0x2000'00b0         4     0xc  main.o [1]
  .bss                   zero     0x2000'00bc         4     0x4  main.o [1]
                                - 0x2000'00c0              0x88

"P2", part 3 of 3:                                       0x1000
  CSTACK                          0x2000'00c0         8  0x1000  <Block>
    CSTACK               uninit   0x2000'00c0            0x1000  <Block tail>
                                - 0x2000'10c0            0x1000

Unused ranges:

         From           To      Size
         ----           --      ----
   0x800'0b24   0x807'ffff  0x7'f4dc
  0x2000'10c0  0x2001'ffff  0x1'ef40


*******************************************************************************
*** INIT TABLE
***

          Address      Size
          -------      ----
Zero (__iar_zero_init3)
    1 destination range, total size 0x88:
          0x2000'0038  0x88

Copy (__iar_copy_init3)
    1 source range, total size 0x38:
           0x800'08b0  0x38
    1 destination range, total size 0x38:
          0x2000'0000  0x38

Extra (__iar_cstart_call_ctors)



*******************************************************************************
*** MODULE SUMMARY
***

    Module              ro code  ro data  rw data
    ------              -------  -------  -------
command line/config:
    ---------------------------------------------
    Total:

C:\Users\andre\Desktop\code\Debug\Obj: [1]
    main.o                  508      192      192
    startupF411RE.o          18      408
    ---------------------------------------------
    Total:                  526      600      192

C:\Users\andre\Desktop\code\Debug\Obj\Button_16955066607175535019.dir: [2]
    UserButton.o             68       12
    ---------------------------------------------
    Total:                   68       12

C:\Users\andre\Desktop\code\Debug\Obj\LcdController_17721151500262453669.dir: [3]
    ModeController.o        144       16
    ---------------------------------------------
    Total:                  144       16

C:\Users\andre\Desktop\code\Debug\Obj\Led_14876625504071601537.dir: [4]
    Led.o                   164      104
    ---------------------------------------------
    Total:                  164      104

C:\Users\andre\Desktop\code\Debug\Obj\Mode_16823006984759215243.dir: [5]
    ChessMode.o             146       16
    CommonMode.o            264       16        1
    FadeGlowMode.o          264       16        1
    RunningLightMode.o       74       16
    ---------------------------------------------
    Total:                  748       64        2

dl7M_tln.a: [6]
    abort.o                   6
    cppinit.o                24
    exit.o                    4
    xpurevirtual.o            4
    ---------------------------------------------
    Total:                   38

dlpprt7M_tl_nc.a: [7]
    ---------------------------------------------
    Total:

m7M_tls.a: [8]
    fpinit_M.o               34
    ---------------------------------------------
    Total:                   34

rt7M_tl.a: [9]
    cexit.o                  10
    cmain.o                  30
    cmain_call_ctors.o       32
    copy_init3.o             42
    data_init.o              42
    zero_init3.o             56
    ---------------------------------------------
    Total:                  212

shb_l.a: [10]
    ABIassert.o              36
    exit.o                   20
    unwind_debug.o                     1
    ---------------------------------------------
    Total:                   56        1

    Gaps                     13       10
    Linker created                    40    4'096
-------------------------------------------------
    Grand Total:          2'003      847    4'290


*******************************************************************************
*** ENTRY LIST
***

Entry                       Address   Size  Type      Object
-----                       -------   ----  ----      ------
.iar.init_table$$Base    0x800'09b4          --   Gb  - Linker created -
.iar.init_table$$Limit   0x800'09dc          --   Gb  - Linker created -
?main                    0x800'0a15         Code  Gb  cmain.o [9]
CSTACK$$Base            0x2000'00c0          --   Gb  - Linker created -
CSTACK$$Limit           0x2000'10c0          --   Gb  - Linker created -
ChessMode::ChessMode(std::array<ILedToggable *, (unsigned int)4> const &, const std::array<ILedOnOff *, (unsigned int)4>&)
                         0x800'0509   0x1e  Code  Gb  ChessMode.o [5]
ChessMode::Execute()     0x800'052d   0x56  Code  Gb  ChessMode.o [5]
CommonMode::CommonMode(std::array<ILedToggable *, (unsigned int)4> const &, const std::array<ILedOnOff *, (unsigned int)4>&)
                         0x800'0645   0x1e  Code  Gb  CommonMode.o [5]
CommonMode::CommonMode(std::array<ILedToggable *, (unsigned int)4> const &, const std::array<ILedOnOff *, (unsigned int)4>&) [subobject]
                         0x800'0639    0xc  Code  Gb  CommonMode.o [5]
CommonMode::Init()       0x800'0669   0x42  Code  Gb  CommonMode.o [5]
DummyModule::handler()   0x800'0a61    0x2  Code  Gb  startupF411RE.o [1]
FadeGlowMode::Execute()
                         0x800'04ad   0x5a  Code  Gb  FadeGlowMode.o [5]
FadeGlowMode::FadeGlowMode(std::array<ILedToggable *, (unsigned int)4> const &, const std::array<ILedOnOff *, (unsigned int)4>&)
                         0x800'048d   0x1a  Code  Gb  FadeGlowMode.o [5]
IButton::IButton()       0x800'073f    0x2  Code  Wk  UserButton.o [2]
IButton::IButton() [subobject]
                         0x800'0615    0xc  Code  Wk  UserButton.o [2]
IController::IController()
                         0x800'07df    0x2  Code  Wk  ModeController.o [3]
IController::IController() [subobject]
                         0x800'071b    0xc  Code  Wk  ModeController.o [3]
ILedOnOff *const  * std::_Addressof<ILedOnOff *const >(ILedOnOff *const  &, std::integral_constant<bool, (bool)0>)
                         0x800'0831    0x2  Code  Wk  CommonMode.o [5]
ILedOnOff *const  * std::addressof<ILedOnOff *const >(ILedOnOff *const  &)
                         0x800'0801   0x14  Code  Wk  CommonMode.o [5]
ILedOnOff::ILedOnOff()   0x800'0743    0x2  Code  Wk  Led.o [4]
ILedOnOff::ILedOnOff() [subobject]
                         0x800'062d    0xc  Code  Wk  Led.o [4]
ILedToggable *const  * std::_Addressof<ILedToggable *const >(ILedToggable *const  &, std::integral_constant<bool, (bool)0>)
                         0x800'082f    0x2  Code  Wk  FadeGlowMode.o [5]
ILedToggable *const  * std::addressof<ILedToggable *const >(ILedToggable *const  &)
                         0x800'07b1   0x14  Code  Wk  FadeGlowMode.o [5]
ILedToggable::ILedToggable()
                         0x800'0741    0x2  Code  Wk  Led.o [4]
ILedToggable::ILedToggable() [subobject]
                         0x800'0621    0xc  Code  Wk  Led.o [4]
IMode::IMode()           0x800'07fd    0x2  Code  Wk  CommonMode.o [5]
IMode::IMode() [subobject]
                         0x800'0745    0xc  Code  Wk  CommonMode.o [5]
Led::Led(unsigned int, unsigned int)
                         0x800'03b9   0x2a  Code  Gb  Led.o [4]
Led::Off() const         0x800'042f   0x12  Code  Gb  Led.o [4]
Led::On() const          0x800'041b   0x12  Code  Gb  Led.o [4]
Led::Toggle() const      0x800'03e3   0x2a  Code  Gb  Led.o [4]
ModeController::ModeController(std::array<IMode *, (unsigned int)3> const &)
                         0x800'0585   0x22  Code  Gb  ModeController.o [3]
ModeController::RunCurrentMode()
                         0x800'05d9   0x16  Code  Gb  ModeController.o [3]
ModeController::SwitchMode()
                         0x800'05ad   0x2c  Code  Gb  ModeController.o [3]
OptimizedLed<(unsigned int)1073872916, (unsigned int)5>::Off() const
                         0x800'0af5   0x10  Code  Wk  main.o [1]
OptimizedLed<(unsigned int)1073872916, (unsigned int)5>::On() const
                         0x800'0ae5   0x10  Code  Wk  main.o [1]
OptimizedLed<(unsigned int)1073872916, (unsigned int)5>::Toggle() const
                         0x800'0ad5   0x10  Code  Wk  main.o [1]
Region$$Table$$Base      0x800'09b4          --   Gb  - Linker created -
Region$$Table$$Limit     0x800'09dc          --   Gb  - Linker created -
RunningLightMode::Execute()
                         0x800'0461   0x2a  Code  Gb  RunningLightMode.o [5]
RunningLightMode::RunningLightMode(std::array<ILedToggable *, (unsigned int)4> const &, const std::array<ILedOnOff *, (unsigned int)4>&)
                         0x800'0441   0x1a  Code  Gb  RunningLightMode.o [5]
SHT$$INIT_ARRAY$$Base    0x800'0b20          --   Gb  - Linker created -
SHT$$INIT_ARRAY$$Limit   0x800'0b24          --   Gb  - Linker created -
SHT$$PREINIT_ARRAY$$Base
                         0x800'0b20          --   Gb  - Linker created -
SHT$$PREINIT_ARRAY$$Limit
                         0x800'0b20          --   Gb  - Linker created -
SystemCoreClock         0x2000'0000    0x4  Data  Gb  main.o [1]
Thunk for (offset -4) Led::Off() const
                         0x800'042d    0x2  Code  Gb  Led.o [4]
Thunk for (offset -4) Led::On() const
                         0x800'0419    0x2  Code  Gb  Led.o [4]
Thunk for (offset -4) OptimizedLed<(unsigned int)1073872916, (unsigned int)5>::Off() const
                         0x800'0b17    0x6  Code  Wk  main.o [1]
Thunk for (offset -4) OptimizedLed<(unsigned int)1073872916, (unsigned int)5>::On() const
                         0x800'0b11    0x6  Code  Wk  main.o [1]
UserButton::UserButton(unsigned int, unsigned int)
                         0x800'0359   0x1a  Code  Gb  UserButton.o [2]
UserButton::WasPressed() const
                         0x800'0379   0x16  Code  Gb  UserButton.o [2]
Virtual function table for ChessMode
                         0x800'0a74   0x10  Data  Wk  ChessMode.o [5]
Virtual function table for CommonMode
                         0x800'0a84   0x10  Data  Wk  CommonMode.o [5]
Virtual function table for FadeGlowMode
                         0x800'0a94   0x10  Data  Wk  FadeGlowMode.o [5]
Virtual function table for Led
                         0x800'0948   0x24  Data  Wk  Led.o [4]
Virtual function table for ModeController
                         0x800'0ab4   0x10  Data  Wk  ModeController.o [3]
Virtual function table for OptimizedLed<(unsigned int)1073872916, (unsigned int)5>
                         0x800'096c   0x24  Data  Wk  main.o [1]
Virtual function table for RunningLightMode
                         0x800'0ac4   0x10  Data  Wk  RunningLightMode.o [5]
Virtual function table for UserButton
                         0x800'0b04    0xc  Data  Wk  UserButton.o [2]
__aeabi_assert           0x800'05f1   0x24  Code  Gb  ABIassert.o [10]
__call_ctors             0x800'09fd   0x18  Code  Gb  cppinit.o [6]
__cmain                  0x800'0a15         Code  Gb  cmain.o [9]
__cxa_pure_virtual       0x800'0b1d    0x4  Code  Gb  xpurevirtual.o [6]
__exit                   0x800'07e9   0x14  Code  Gb  exit.o [10]
__iar_copy_init3         0x800'038f   0x2a  Code  Gb  copy_init3.o [9]
__iar_cstart_call_ctors
                         0x800'09dd   0x20  Code  Gb  cmain_call_ctors.o [9]
__iar_data_init3         0x800'091d   0x18  Code  Gb  data_init.o [9]
__iar_debug_exceptions   0x800'0506    0x1  Data  Gb  unwind_debug.o [10]
__iar_init_vfp           0x800'0991         Code  Gb  fpinit_M.o [8]
__iar_program_start      0x800'0a63   0x10  Code  Gb  startupF411RE.o [1]
__iar_tls$$INIT_ARRAY$$Base
                         0x800'0b24          --   Gb  - Linker created -
__iar_tls$$INIT_ARRAY$$Limit
                         0x800'0b24          --   Gb  - Linker created -
__iar_zero_init3         0x800'0879   0x38  Code  Gb  zero_init3.o [9]
__low_level_init         0x800'0203   0x7e  Code  Gb  main.o [1]
__sti__routine           0x800'0199   0x6a  Code  Lc  main.o [1]
__vector_table           0x800'0000  0x198  Data  Gb  startupF411RE.o [1]
_call_main               0x800'0a21         Code  Gb  cmain.o [9]
_exit                    0x800'0a39         Code  Gb  cexit.o [9]
abort                    0x800'0739    0x6  Code  Gb  abort.o [6]
chessMode               0x2000'0038   0x14  Data  Gb  main.o [1]
decltype(((param#1.size)())) std::size<std::array<ILedToggable *, (unsigned int)4>>(std::array<ILedToggable *, (unsigned int)4> const &)
                         0x800'06b1    0xc  Code  Wk  ChessMode.o [5]
decltype(((param#1.size)())) std::size<std::array<IMode *, (unsigned int)3>>(std::array<IMode *, (unsigned int)3> const &)
                         0x800'0727    0xc  Code  Wk  ModeController.o [3]
exit                     0x800'0a33    0x4  Code  Gb  exit.o [6]
fadeGlowMode            0x2000'00a0   0x10  Data  Gb  main.o [1]
led1                    0x2000'0060   0x10  Data  Gb  main.o [1]
led2                    0x2000'0070   0x10  Data  Gb  main.o [1]
led3                    0x2000'0080   0x10  Data  Gb  main.o [1]
led4                    0x2000'0004    0x8  Data  Gb  main.o [1]
leds                    0x2000'000c   0x10  Data  Gb  main.o [1]
ledsOnOff               0x2000'001c   0x10  Data  Gb  main.o [1]
main                     0x800'0281   0x70  Code  Gb  main.o [1]
modeController          0x2000'004c   0x14  Data  Gb  main.o [1]
modes                   0x2000'002c    0xc  Data  Gb  main.o [1]
runningLightMode        0x2000'0090   0x10  Data  Gb  main.o [1]
std::_Array_const_iterator<ILedOnOff *, (unsigned int)4>::_Array_const_iterator(ILedOnOff *const *, unsigned int)
                         0x800'0815    0x8  Code  Wk  CommonMode.o [5]
std::_Array_const_iterator<ILedOnOff *, (unsigned int)4>::operator !=(const std::_Array_const_iterator<ILedOnOff *, (unsigned int)4>&) const
                         0x800'0781   0x1c  Code  Wk  CommonMode.o [5]
std::_Array_const_iterator<ILedOnOff *, (unsigned int)4>::operator *() const
                         0x800'079d    0x4  Code  Wk  CommonMode.o [5]
std::_Array_const_iterator<ILedOnOff *, (unsigned int)4>::operator ++()
                         0x800'07a1    0x8  Code  Wk  CommonMode.o [5]
std::_Array_const_iterator<ILedOnOff *, (unsigned int)4>::operator ==(const std::_Array_const_iterator<ILedOnOff *, (unsigned int)4>&) const
                         0x800'081d   0x12  Code  Wk  CommonMode.o [5]
std::_Array_const_iterator<ILedToggable *, (unsigned int)4>::_Array_const_iterator(ILedToggable *const *, unsigned int)
                         0x800'07c5    0x8  Code  Wk  FadeGlowMode.o [5]
std::_Array_const_iterator<ILedToggable *, (unsigned int)4>::operator !=(const std::_Array_const_iterator<ILedToggable *, (unsigned int)4>&) const
                         0x800'06ed   0x1c  Code  Wk  FadeGlowMode.o [5]
std::_Array_const_iterator<ILedToggable *, (unsigned int)4>::operator *() const
                         0x800'0709    0x4  Code  Wk  FadeGlowMode.o [5]
std::_Array_const_iterator<ILedToggable *, (unsigned int)4>::operator ++()
                         0x800'070d    0x8  Code  Wk  FadeGlowMode.o [5]
std::_Array_const_iterator<ILedToggable *, (unsigned int)4>::operator ==(const std::_Array_const_iterator<ILedToggable *, (unsigned int)4>&) const
                         0x800'07cd   0x12  Code  Wk  FadeGlowMode.o [5]
std::array<ILedOnOff *, (unsigned int)4>::begin() const
                         0x800'0751   0x18  Code  Wk  CommonMode.o [5]
std::array<ILedOnOff *, (unsigned int)4>::end() const
                         0x800'0769   0x18  Code  Wk  CommonMode.o [5]
std::array<ILedOnOff *, (unsigned int)4>::operator [](unsigned int) const
                         0x800'0715    0x6  Code  Wk  ChessMode.o [5]
std::array<ILedToggable *, (unsigned int)4>::begin() const
                         0x800'06bd   0x18  Code  Wk  FadeGlowMode.o [5]
std::array<ILedToggable *, (unsigned int)4>::end() const
                         0x800'06d5   0x18  Code  Wk  FadeGlowMode.o [5]
std::array<ILedToggable *, (unsigned int)4>::operator [](unsigned int) const
                         0x800'06ab    0x6  Code  Wk  FadeGlowMode.o [5]
std::array<ILedToggable *, (unsigned int)4>::size() const
                         0x800'07a9    0x6  Code  Wk  ChessMode.o [5]
std::array<IMode *, (unsigned int)3>::operator [](unsigned int) const
                         0x800'0733    0x6  Code  Wk  ModeController.o [3]
std::array<IMode *, (unsigned int)3>::size() const
                         0x800'07e1    0x6  Code  Wk  ModeController.o [3]
ticks                   0x2000'00bc    0x4  Data  Gb  main.o [1]
userButton              0x2000'00b0    0xc  Data  Gb  main.o [1]
void RegisterField<STK::LOAD, (unsigned int)0, (unsigned int)24, ReadWriteMode, void>::Set<ReadWriteMode, void>(unsigned int)::string
                         0x800'0a44   0x1c  Data  Wk  main.o [1]
void RegisterField<STK::LOAD, (unsigned int)0, (unsigned int)24, ReadWriteMode, void>::Set<ReadWriteMode, void>(unsigned int)::string (instance 2)
                         0x800'0834   0x44  Data  Wk  main.o [1]


[1] = C:\Users\andre\Desktop\code\Debug\Obj
[2] = C:\Users\andre\Desktop\code\Debug\Obj\Button_16955066607175535019.dir
[3] = C:\Users\andre\Desktop\code\Debug\Obj\LcdController_17721151500262453669.dir
[4] = C:\Users\andre\Desktop\code\Debug\Obj\Led_14876625504071601537.dir
[5] = C:\Users\andre\Desktop\code\Debug\Obj\Mode_16823006984759215243.dir
[6] = dl7M_tln.a
[7] = dlpprt7M_tl_nc.a
[8] = m7M_tls.a
[9] = rt7M_tl.a
[10] = shb_l.a

  2'003 bytes of readonly  code memory
    847 bytes of readonly  data memory
  4'290 bytes of readwrite data memory

Errors: none
Warnings: none
