###############################################################################
#
# IAR ANSI C/C++ Compiler V9.50.2.385/W64 for ARM         29/Nov/2025  10:20:28
# Copyright 1999-2024 IAR Systems AB.
#
#    Cpu mode                     =  thumb
#    Endian                       =  little
#    Source file                  =  C:\Users\andre\Desktop\Lab1\main.cpp
#    Command line                 =
#        -f C:\Users\andre\Desktop\Lab1\Debug\Obj\main.o.rsp
#        (C:\Users\andre\Desktop\Lab1\main.cpp -lC
#        C:\Users\andre\Desktop\Lab1\Debug\List\ -lA
#        C:\Users\andre\Desktop\Lab1\Debug\List\ -o
#        C:\Users\andre\Desktop\Lab1\Debug\Obj\ --no_cse --no_unroll
#        --no_inline --no_code_motion --no_tbaa --no_clustering --no_scheduling
#        --debug --endian=little --cpu=Cortex-M4 -e --fpu=VFPv4_sp
#        --dlib_config "C:\Program Files\IAR Systems\Embedded Workbench
#        9.2\arm\inc\c\DLib_Config_Normal.h" -I
#        C:\Users\andre\Desktop\Lab1\Common\ -I
#        C:\Users\andre\Desktop\Lab1\AHardware\Registers\STM32F411\FieldValues\
#        -I C:\Users\andre\Desktop\Lab1\AHardware\Registers\STM32F411\ -I
#        C:\Users\andre\Desktop\Lab1\AHardware\Registers\ -I
#        C:\Users\andre\Desktop\Lab1\AHardware\Registers\CortexM4\ -I
#        C:\Users\andre\Desktop\Lab1\AHardware\Registers\CortexM4\FieldValues\
#        -I C:\Users\andre\Desktop\Lab1\Application\Led\Contracts\ -I
#        C:\Users\andre\Desktop\Lab1\Application\Led\ -I
#        C:\Users\andre\Desktop\Lab1\Application\Mode\Contracts\ -I
#        C:\Users\andre\Desktop\Lab1\Application\Button\ -I
#        C:\Users\andre\Desktop\Lab1\Application\Button\Contrats\ -I
#        C:\Users\andre\Desktop\Lab1\Application\LcdController\ -I
#        C:\Users\andre\Desktop\Lab1\Application\LcdController\Contracts\ -I
#        C:\Users\andre\Desktop\Lab1\Application\Mode\ -On --c++
#        --no_exceptions --no_rtti) --dependencies=n
#        C:\Users\andre\Desktop\Lab1\Debug\Obj\main.o.iar_deps
#    Locale                       =  C
#    List file                    =
#        C:\Users\andre\Desktop\Lab1\Debug\List\main.lst
#    Object file                  =
#        C:\Users\andre\Desktop\Lab1\Debug\Obj\main.o
#    Runtime model:                  
#      __CPP_Exceptions           =  Disabled
#      __CPP_Language             =  C++14
#      __CPP_Library              =  DLib
#      __CPP_Runtime              =  1
#      __SystemLibrary            =  DLib
#      __dlib_file_descriptor     =  0
#      __dlib_full_locale_support =  0
#      __dlib_version             =  6
#
###############################################################################

C:\Users\andre\Desktop\Lab1\main.cpp
      1          #include "iostream"//for std::cout
      2          #include "rccregisters.hpp" // for RCC
      3          #include "gpioaregisters.hpp" // for GPIOA
      4          #include "gpiocregisters.hpp" // for GPIOС
      5          #include <array>// for std::array
      6          #include "Led.h" // for Led, ILedToggable, ILedOnOff
      7          #include "OptimizedLed.h" // for OptimizedLed

   \                                 In section .text, align 4
   \   __vfp void OptimizedLed<1'073'872'916U, 5U>::Toggle() const
   \                     _ZNK12OptimizedLedILj1073872916ELj5EE6ToggleEv: (+1)
   \        0x0   0x4A02             LDR.N    R2,??Toggle_0
   \        0x2   0x6811             LDR      R1,[R2, #+0]
   \        0x4   0xF091 0x0120      EORS     R1,R1,#0x20
   \        0x8   0x6011             STR      R1,[R2, #+0]
   \        0xA   0x4770             BX       LR
   \                     ??Toggle_0:
   \        0xC   0x4002'0014        DC32     0x40020014

   \                                 In section .text, align 4
   \   __vfp void OptimizedLed<1'073'872'916U, 5U>::On() const
   \                     _ZNK12OptimizedLedILj1073872916ELj5EE2OnEv: (+1)
   \        0x0   0x4A02             LDR.N    R2,??On_0
   \        0x2   0x6811             LDR      R1,[R2, #+0]
   \        0x4   0xF051 0x0120      ORRS     R1,R1,#0x20
   \        0x8   0x6011             STR      R1,[R2, #+0]
   \        0xA   0x4770             BX       LR
   \                     ??On_0:
   \        0xC   0x4002'0014        DC32     0x40020014

   \                                 In section .text, align 4
   \   __vfp void OptimizedLed<1'073'872'916U, 5U>::Off() const
   \                     _ZNK12OptimizedLedILj1073872916ELj5EE3OffEv: (+1)
   \        0x0   0x4A02             LDR.N    R2,??Off_0
   \        0x2   0x6811             LDR      R1,[R2, #+0]
   \        0x4   0xF031 0x0120      BICS     R1,R1,#0x20
   \        0x8   0x6011             STR      R1,[R2, #+0]
   \        0xA   0x4770             BX       LR
   \                     ??Off_0:
   \        0xC   0x4002'0014        DC32     0x40020014
      8          #include "CommonMode.h"
      9          #include "RunningLightMode.h"
     10          #include "FadeGlowMode.h"
     11          #include "ChessMode.h"
     12          #include "UserButton.h"
     13          #include "ModeController.h"
     14          
     15          

   \                                 In section .data, align 4
     16          std::uint32_t SystemCoreClock = 16'000'000U;
   \                     SystemCoreClock:
   \        0x0   0x00F4'2400        DC32 16'000'000
     17          
     18          extern "C" {

   \                                 In section .text, align 2, keep-with-next
     19          int __low_level_init(void)
     20          {
     21            //Switch on external 16 MHz oscillator
     22            RCC::CR::HSION::On::Set();
   \                     __low_level_init: (+1)
   \        0x0   0x....             LDR.N    R1,??DataTable2_13
   \        0x2   0x680A             LDR      R2,[R1, #+0]
   \        0x4   0xF052 0x0001      ORRS     R0,R2,#0x1
   \        0x8   0x6008             STR      R0,[R1, #+0]
     23            while (RCC::CR::HSIRDY::NotReady::IsSet())
   \                     ??__low_level_init_0: (+1)
   \        0xA   0x6808             LDR      R0,[R1, #+0]
   \        0xC   0x0840             LSRS     R0,R0,#+1
   \        0xE   0xF010 0x0001      ANDS     R0,R0,#0x1
   \       0x12   0xF090 0x0001      EORS     R0,R0,#0x1
   \       0x16   0xB2C0             UXTB     R0,R0
   \       0x18   0x2800             CMP      R0,#+0
   \       0x1A   0xD1F6             BNE.N    ??__low_level_init_0
     24            {
     25          
     26            }
     27            //Switch system clock on external oscillator
     28            RCC::CFGR::SW::Hsi::Set();
   \       0x1C   0x....             LDR.N    R1,??DataTable2_14
   \       0x1E   0x680A             LDR      R2,[R1, #+0]
   \       0x20   0x0890             LSRS     R0,R2,#+2
   \       0x22   0x0080             LSLS     R0,R0,#+2
   \       0x24   0x6008             STR      R0,[R1, #+0]
     29            while (!RCC::CFGR::SWS::Hsi::IsSet())
   \                     ??__low_level_init_1: (+1)
   \       0x26   0x6808             LDR      R0,[R1, #+0]
   \       0x28   0xF010 0x0F0C      TST      R0,#0xC
   \       0x2C   0xD101             BNE.N    ??__low_level_init_2
   \       0x2E   0x2001             MOVS     R0,#+1
   \       0x30   0xE000             B.N      ??__low_level_init_3
   \                     ??__low_level_init_2: (+1)
   \       0x32   0x2000             MOVS     R0,#+0
   \                     ??__low_level_init_3: (+1)
   \       0x34   0xB2C0             UXTB     R0,R0
   \       0x36   0x2800             CMP      R0,#+0
   \       0x38   0xD0F5             BEQ.N    ??__low_level_init_1
     30            {
     31          
     32            }
     33            
     34            RCC::APB2ENR::SYSCFGEN::Enable::Set();
   \       0x3A   0x....             LDR.N    R2,??DataTable2_15
   \       0x3C   0x6811             LDR      R1,[R2, #+0]
   \       0x3E   0xF451 0x4080      ORRS     R0,R1,#0x4000
   \       0x42   0x6010             STR      R0,[R2, #+0]
     35          
     36            return 1;
   \       0x44   0x2001             MOVS     R0,#+1
   \       0x46   0x4770             BX       LR
     37          }
     38          }
     39          
     40          

   \                                 In section .text, align 4, keep-with-next
     41          void delay(int cycles)
     42          {
     43            for(int i = 0; i < cycles; ++i)    
   \                     _Z5delayi: (+1)
   \        0x0   0x2100             MOVS     R1,#+0
   \                     ??delay_0: (+1)
   \        0x2   0x4281             CMP      R1,R0
   \        0x4   0xDA01             BGE.N    ??delay_1
     44            {
     45              asm volatile("");
   \        0x6   0x1C49             ADDS     R1,R1,#+1
   \        0x8   0xE7FB             B.N      ??delay_0
     46            }    
     47          }
   \                     ??delay_1: (+1)
   \        0xA   0x4770             BX       LR
     48          ///////////////////////////// ON/OFF LED /////////////////////////////
     49          
     50          ///////////////////////// BUTTON //////////////////
     51          /*class IButton
     52          {
     53          public:
     54            virtual bool WasPressed() const = 0;
     55          };
     56          */
     57          /*class UserButton : public IButton
     58          {
     59          public:
     60            UserButton(std::uint32_t pinNum, std::uint32_t registerAddress):
     61              mPinNum(pinNum),
     62              mRegisterAddress(registerAddress)
     63              {
     64              
     65              }
     66            bool WasPressed() const override
     67            {
     68              bool isButtonPressed = ((*reinterpret_cast<std::uint32_t*>(mRegisterAddress) & (1 << mPinNum)) == 0);
     69              return isButtonPressed;
     70            }
     71          private:
     72            std::uint32_t mRegisterAddress;
     73            std::uint32_t mPinNum;
     74          };
     75          */
     76          
     77          ///////////////////////////////////// MODES FOR LEDS ///////////////////////
     78             
     79          /*class IMode
     80          {
     81          public:
     82            virtual void Init() = 0;
     83            virtual void Execute() = 0;
     84          };
     85          */
     86          //const auto ledsCount = static_cast<std::size_t>(4);
     87          //using tLeds = std::array<ILedToggable*, ledsCount>;
     88          //using tLedsOnOff = std::array<ILedOnOff*, ledsCount>;
     89          
     90          /*class CommonMode: public IMode
     91          {
     92          public:
     93            CommonMode(const tLeds& leds, const tLedsOnOff& ledsOnOff):
     94              mLeds(leds),
     95              mLedsOnOff(ledsOnOff),
     96              mCurrentLedNumber(0)
     97              {
     98                
     99              }
    100              void Init() override
    101              {
    102                mCurrentLedNumber = 0;
    103                for (auto it: mLedsOnOff)
    104                {
    105                  it->Off();
    106                }
    107              }
    108          protected:
    109            const tLeds& mLeds;
    110            const tLedsOnOff& mLedsOnOff; 
    111            std::uint32_t mCurrentLedNumber;
    112          };
    113          */
    114          /*class RunningLightMode : public CommonMode // MODE 1
    115          {
    116          public:
    117            RunningLightMode(const tLeds& leds, const tLedsOnOff& ledsOnOff):
    118              CommonMode(leds, ledsOnOff)
    119              {
    120                
    121              }
    122              void Execute() override
    123              {
    124                mLeds[mCurrentLedNumber++]->Toggle();
    125                if (mCurrentLedNumber == std::size(mLeds))
    126                {
    127                  mCurrentLedNumber = 0;
    128                }
    129              }
    130          };
    131          */
    132          /*class FadeGlowMode : public CommonMode // MODE 2
    133          {
    134          public:
    135            FadeGlowMode(const tLeds& leds, const tLedsOnOff& ledsOnOff):
    136          CommonMode(leds, ledsOnOff)
    137              {
    138                
    139              }
    140              
    141              void Execute() override
    142              {
    143                for(auto it: mLeds)
    144                {
    145                  mLeds[mCurrentLedNumber++]->Toggle();
    146                  if (mCurrentLedNumber == std::size(mLeds))
    147                  {
    148                    mCurrentLedNumber = 0;
    149                  }
    150                }
    151              }
    152          };*/
    153          /*class ChessMode : public CommonMode // MODE 3
    154          {
    155          public:
    156            ChessMode(const tLeds& leds, const tLedsOnOff& ledsOnOff):
    157          CommonMode(leds, ledsOnOff)
    158              {
    159                
    160              }
    161              
    162              void Execute() override
    163           {
    164              for (std::size_t i = 0; i < std::size(mLeds); ++i)
    165              {
    166                  if ((i % 2 == 0) == oddPhase)
    167                      mLedsOnOff[i]->On();
    168                  else
    169                      mLedsOnOff[i]->Off();
    170              }
    171              oddPhase = !oddPhase;
    172          }
    173          };
    174          */
    175          ////////////////////////MODE SWITCHER///////////////
    176          
    177          /*class IController
    178          {
    179          public:
    180            virtual void SwitchMode() = 0;
    181            virtual void RunCurrentMode() = 0;
    182          };
    183          */
    184          //const std::uint32_t modesCount = 3;
    185          //using tModes = std::array<IMode*, modesCount>;
    186          
    187          /*class ModeController: public IController
    188          {
    189          public:
    190            ModeController(const tModes& modes):
    191              mModes(modes),
    192              mCurrentMode(0)
    193              {
    194                
    195              }
    196              void SwitchMode() override
    197              {
    198                mCurrentMode++;
    199                  if (mCurrentMode == std::size(mModes))
    200                  {
    201                    mCurrentMode = 0;
    202                  }
    203                  mModes[mCurrentMode]->Init();
    204              }
    205              void RunCurrentMode() override
    206              {
    207                mModes[mCurrentMode]->Execute();
    208              }
    209          private:
    210            const tModes mModes;
    211            std::uint32_t mCurrentMode;
    212          };
    213          */
    214          ////////////////////////////////
    215          /*class TestDynamic
    216          {
    217          public:
    218            int GetI() {return i;}
    219          private:
    220            int i = 0;
    221          };
    222          */
    223          constexpr std::uint32_t buttonPinNum = 13;
    224          constexpr std::uint32_t portCIdrAddress = 0x40020810U;

   \                                 In section .text, align 2, keep-with-next
   \   static __intrinsic __vfp void __sti__routine()
   \                     __sti__routine: (+1)
   \        0x0   0xB538             PUSH     {R3-R5,LR}
    225          UserButton userButton(buttonPinNum, portCIdrAddress);
   \        0x2   0x....             LDR.N    R2,??DataTable2
   \        0x4   0x210D             MOVS     R1,#+13
   \        0x6   0x....             LDR.N    R0,??DataTable2_1
   \        0x8   0x.... 0x....      BL       _ZN10UserButtonC1Ejj
    226          
    227          Led led1(5, 0x40020814U);
   \        0xC   0x....             LDR.N    R4,??DataTable2_2
   \        0xE   0x0022             MOVS     R2,R4
   \       0x10   0x2105             MOVS     R1,#+5
   \       0x12   0x....             LDR.N    R0,??DataTable2_3
   \       0x14   0x.... 0x....      BL       _ZN3LedC1Ejj
    228          Led led2(8, 0x40020814U);
   \       0x18   0x0022             MOVS     R2,R4
   \       0x1A   0x2108             MOVS     R1,#+8
   \       0x1C   0x....             LDR.N    R0,??DataTable2_4
   \       0x1E   0x.... 0x....      BL       _ZN3LedC1Ejj
    229          Led led3(9, 0x40020814U);
   \       0x22   0x0022             MOVS     R2,R4
   \       0x24   0x2109             MOVS     R1,#+9
   \       0x26   0x....             LDR.N    R0,??DataTable2_5
   \       0x28   0x.... 0x....      BL       _ZN3LedC1Ejj
    230          //Led led4(5, 0x40020014U);
    231          OptimizedLed<0x40020014U, 5> led4;
    232          
    233          tLeds leds = 
    234          {
    235            &led1,
    236            &led2,
    237            &led3,
    238            &led4
    239          };
    240          
    241          tLedsOnOff ledsOnOff = 
    242          {
    243            &led1,
    244            &led2,
    245            &led3,
    246            &led4
    247          };
    248          
    249          RunningLightMode runningLightMode(leds, ledsOnOff);
   \       0x2C   0x....             LDR.N    R5,??DataTable2_6
   \       0x2E   0x....             LDR.N    R4,??DataTable2_7
   \       0x30   0x0022             MOVS     R2,R4
   \       0x32   0x0029             MOVS     R1,R5
   \       0x34   0x....             LDR.N    R0,??DataTable2_8
   \       0x36   0x.... 0x....      BL       _ZN16RunningLightModeC1ERKSt5arrayIP12ILedToggableLj4EERKS0_IP9ILedOnOffLj4EE
    250          FadeGlowMode fadeGlowMode(leds, ledsOnOff);
   \       0x3A   0x0022             MOVS     R2,R4
   \       0x3C   0x0029             MOVS     R1,R5
   \       0x3E   0x....             LDR.N    R0,??DataTable2_9
   \       0x40   0x.... 0x....      BL       _ZN12FadeGlowModeC1ERKSt5arrayIP12ILedToggableLj4EERKS0_IP9ILedOnOffLj4EE
    251          ChessMode chessMode(leds, ledsOnOff);
   \       0x44   0x0022             MOVS     R2,R4
   \       0x46   0x0029             MOVS     R1,R5
   \       0x48   0x....             LDR.N    R0,??DataTable2_10
   \       0x4A   0x.... 0x....      BL       _ZN9ChessModeC1ERKSt5arrayIP12ILedToggableLj4EERKS0_IP9ILedOnOffLj4EE
    252          
    253          
    254          tModes modes
    255          {
    256            &runningLightMode,
    257            &fadeGlowMode,
    258            &chessMode
    259          };
    260          
    261          ModeController modeController(modes);
   \       0x4E   0x....             LDR.N    R1,??DataTable2_11
   \       0x50   0x....             LDR.N    R0,??DataTable2_12
   \       0x52   0x.... 0x....      BL       _ZN14ModeControllerC1ERKSt5arrayIP5IModeLj3EE
   \       0x56   0xBD31             POP      {R0,R4,R5,PC}

   \                                 In section .bss, align 4
   \                     userButton:
   \        0x0                      DS8 12

   \                                 In section .bss, align 4
   \                     led1:
   \        0x0                      DS8 16

   \                                 In section .bss, align 4
   \                     led2:
   \        0x0                      DS8 16

   \                                 In section .bss, align 4
   \                     led3:
   \        0x0                      DS8 16

   \                                 In section .data, align 4
   \                     led4:
   \        0x0   0x....'....        DC32 _ZTV12OptimizedLedILj1073872916ELj5EE + 0x8
   \        0x4   0x....'....        DC32 _ZTV12OptimizedLedILj1073872916ELj5EE + 0x1c

   \                                 In section .data, align 4
   \                     leds:
   \        0x0   0x....'....        DC32 led1, led2, led3, led4
   \              0x....'....  
   \              0x....'....  
   \              0x....'....

   \                                 In section .data, align 4
   \                     ledsOnOff:
   \        0x0   0x....'....        DC32 led1 + 0x4, led2 + 0x4, led3 + 0x4, led4 + 0x4
   \              0x....'....  
   \              0x....'....  
   \              0x....'....

   \                                 In section .bss, align 4
   \                     runningLightMode:
   \        0x0                      DS8 16

   \                                 In section .bss, align 4
   \                     fadeGlowMode:
   \        0x0                      DS8 16

   \                                 In section .bss, align 4
   \                     chessMode:
   \        0x0                      DS8 20

   \                                 In section .data, align 4
   \                     modes:
   \        0x0   0x....'....        DC32 runningLightMode, fadeGlowMode, chessMode
   \              0x....'....  
   \              0x....'....

   \                                 In section .bss, align 4
   \                     modeController:
   \        0x0                      DS8 20
    262          

   \                                 In section .text, align 2, keep-with-next
    263          int main()
    264          { 
   \                     main: (+1)
   \        0x0   0xB5F8             PUSH     {R3-R7,LR}
    265           
    266            //Подать тактирование на порт А
    267            RCC::AHB1ENR::GPIOAEN::Enable::Set() ;
   \        0x2   0x....             LDR.N    R2,??DataTable2_16
   \        0x4   0x6810             LDR      R0,[R2, #+0]
   \        0x6   0xF050 0x0101      ORRS     R1,R0,#0x1
   \        0xA   0x6011             STR      R1,[R2, #+0]
    268            //Подать тактирование на порт С
    269            RCC::AHB1ENR::GPIOCEN::Enable::Set() ;
   \        0xC   0x6811             LDR      R1,[R2, #+0]
   \        0xE   0xF051 0x0304      ORRS     R3,R1,#0x4
   \       0x12   0x6013             STR      R3,[R2, #+0]
    270            //Порта А.5 на вывод
    271            GPIOA::MODER::MODER5::Output::Set() ;
   \       0x14   0x....             LDR.N    R4,??DataTable2_17
   \       0x16   0x6822             LDR      R2,[R4, #+0]
   \       0x18   0x2601             MOVS     R6,#+1
   \       0x1A   0x0013             MOVS     R3,R2
   \       0x1C   0xF366 0x238B      BFI      R3,R6,#+10,#+2
   \       0x20   0x6023             STR      R3,[R4, #+0]
    272            //Порта C.5,C.8, C.9 на вывод
    273            GPIOC::MODER::MODER5::Output::Set() ;
   \       0x22   0x....             LDR.N    R3,??DataTable2_18
   \       0x24   0x681C             LDR      R4,[R3, #+0]
   \       0x26   0x0025             MOVS     R5,R4
   \       0x28   0xF366 0x258B      BFI      R5,R6,#+10,#+2
   \       0x2C   0x601D             STR      R5,[R3, #+0]
    274            GPIOC::MODER::MODER8::Output::Set() ;
   \       0x2E   0x681D             LDR      R5,[R3, #+0]
   \       0x30   0x002F             MOVS     R7,R5
   \       0x32   0xF366 0x4711      BFI      R7,R6,#+16,#+2
   \       0x36   0x601F             STR      R7,[R3, #+0]
    275            GPIOC::MODER::MODER9::Output::Set() ;
   \       0x38   0xF8D3 0xC000      LDR      R12,[R3, #+0]
   \       0x3C   0x4667             MOV      R7,R12
   \       0x3E   0xF366 0x4793      BFI      R7,R6,#+18,#+2
   \       0x42   0x601F             STR      R7,[R3, #+0]
    276            
    277            for(;;)
    278            {   
    279              if (userButton.WasPressed())
   \                     ??main_0: (+1)
   \       0x44   0x....             LDR.N    R0,??DataTable2_1
   \       0x46   0x.... 0x....      BL       _ZNK10UserButton10WasPressedEv
   \       0x4A   0x2800             CMP      R0,#+0
   \       0x4C   0xD002             BEQ.N    ??main_1
    280              {
    281                modeController.SwitchMode(); 
   \       0x4E   0x....             LDR.N    R0,??DataTable2_12
   \       0x50   0x.... 0x....      BL       _ZN14ModeController10SwitchModeEv
    282              }
    283              delay(500000);
   \                     ??main_1: (+1)
   \       0x54   0x....             LDR.N    R0,??DataTable2_19
   \       0x56   0x.... 0x....      BL       _Z5delayi
    284              modeController.RunCurrentMode(); 
   \       0x5A   0x....             LDR.N    R0,??DataTable2_12
   \       0x5C   0x.... 0x....      BL       _ZN14ModeController14RunCurrentModeEv
   \       0x60   0xE7F0             B.N      ??main_0
    285              
    286            
    287            
    288               //GPIOA::ODR::ODR5::High::Set();
    289               //GPIOC::ODR::ODR5::High::Set();
    290               //GPIOA::ODR::ODR5::Low::Set();
    291               //GPIOC::ODR::ODR5::Low::Set();
    292            }
    293            return 1;
                   ^
Warning[Pe111]: statement is unreachable
    294          }

   \                                 In section .text, align 4, keep-with-next
   \                     ??DataTable2:
   \        0x0   0x4002'0810        DC32     0x40020810

   \                                 In section .text, align 4, keep-with-next
   \                     ??DataTable2_1:
   \        0x0   0x....'....        DC32     userButton

   \                                 In section .text, align 4, keep-with-next
   \                     ??DataTable2_2:
   \        0x0   0x4002'0814        DC32     0x40020814

   \                                 In section .text, align 4, keep-with-next
   \                     ??DataTable2_3:
   \        0x0   0x....'....        DC32     led1

   \                                 In section .text, align 4, keep-with-next
   \                     ??DataTable2_4:
   \        0x0   0x....'....        DC32     led2

   \                                 In section .text, align 4, keep-with-next
   \                     ??DataTable2_5:
   \        0x0   0x....'....        DC32     led3

   \                                 In section .text, align 4, keep-with-next
   \                     ??DataTable2_6:
   \        0x0   0x....'....        DC32     leds

   \                                 In section .text, align 4, keep-with-next
   \                     ??DataTable2_7:
   \        0x0   0x....'....        DC32     ledsOnOff

   \                                 In section .text, align 4, keep-with-next
   \                     ??DataTable2_8:
   \        0x0   0x....'....        DC32     runningLightMode

   \                                 In section .text, align 4, keep-with-next
   \                     ??DataTable2_9:
   \        0x0   0x....'....        DC32     fadeGlowMode

   \                                 In section .text, align 4, keep-with-next
   \                     ??DataTable2_10:
   \        0x0   0x....'....        DC32     chessMode

   \                                 In section .text, align 4, keep-with-next
   \                     ??DataTable2_11:
   \        0x0   0x....'....        DC32     modes

   \                                 In section .text, align 4, keep-with-next
   \                     ??DataTable2_12:
   \        0x0   0x....'....        DC32     modeController

   \                                 In section .text, align 4, keep-with-next
   \                     ??DataTable2_13:
   \        0x0   0x4002'3800        DC32     0x40023800

   \                                 In section .text, align 4, keep-with-next
   \                     ??DataTable2_14:
   \        0x0   0x4002'3808        DC32     0x40023808

   \                                 In section .text, align 4, keep-with-next
   \                     ??DataTable2_15:
   \        0x0   0x4002'3844        DC32     0x40023844

   \                                 In section .text, align 4, keep-with-next
   \                     ??DataTable2_16:
   \        0x0   0x4002'3830        DC32     0x40023830

   \                                 In section .text, align 4, keep-with-next
   \                     ??DataTable2_17:
   \        0x0   0x4002'0000        DC32     0x40020000

   \                                 In section .text, align 4, keep-with-next
   \                     ??DataTable2_18:
   \        0x0   0x4002'0800        DC32     0x40020800

   \                                 In section .text, align 4, keep-with-next
   \                     ??DataTable2_19:
   \        0x0   0x0007'A120        DC32     0x7a120

   \                                 In section .text, align 2
   \   __vfp void OptimizedLed<1'073'872'916U, 5U>::On for ILedOnOff/-4/() const
   \                     _ZThn4_NK12OptimizedLedILj1073872916ELj5EE2OnEv: (+1)
   \        0x0   0x1F00             SUBS     R0,R0,#+4
   \        0x2   0x.... 0x....      B.W      _ZNK12OptimizedLedILj1073872916ELj5EE2OnEv

   \                                 In section .text, align 2
   \   __vfp void OptimizedLed<1'073'872'916U, 5U>::Off for ILedOnOff/-4/() const
   \                     _ZThn4_NK12OptimizedLedILj1073872916ELj5EE3OffEv: (+1)
   \        0x0   0x1F00             SUBS     R0,R0,#+4
   \        0x2   0x.... 0x....      B.W      _ZNK12OptimizedLedILj1073872916ELj5EE3OffEv
    295          

   Maximum stack usage in bytes:

   .cstack Function
   ------- --------
       0   OptimizedLed<1'073'872'916U, 5U>::Off for ILedOnOff/-4/() const
         0   -> OptimizedLed<1'073'872'916U, 5U>::Off() const
       0   OptimizedLed<1'073'872'916U, 5U>::Off() const
       0   OptimizedLed<1'073'872'916U, 5U>::On for ILedOnOff/-4/() const
         0   -> OptimizedLed<1'073'872'916U, 5U>::On() const
       0   OptimizedLed<1'073'872'916U, 5U>::On() const
       0   OptimizedLed<1'073'872'916U, 5U>::Toggle() const
       0   __low_level_init
      16   __sti__routine()
        16   -> ChessMode::ChessMode(tLeds const &, tLedsOnOff const &)
        16   -> FadeGlowMode::FadeGlowMode(tLeds const &, tLedsOnOff const &)
        16   -> Led::Led(uint32_t, uint32_t)
        16   -> ModeController::ModeController(tModes const &)
        16   -> RunningLightMode::RunningLightMode(tLeds const &, tLedsOnOff const &)
        16   -> UserButton::UserButton(uint32_t, uint32_t)
       0   delay(int)
      24   main
        24   -> ModeController::RunCurrentMode()
        24   -> ModeController::SwitchMode()
        24   -> UserButton::WasPressed() const
        24   -> delay(int)


   Section sizes:

   Bytes  Function/Label
   -----  --------------
       4  ??DataTable2
       4  ??DataTable2_1
       4  ??DataTable2_10
       4  ??DataTable2_11
       4  ??DataTable2_12
       4  ??DataTable2_13
       4  ??DataTable2_14
       4  ??DataTable2_15
       4  ??DataTable2_16
       4  ??DataTable2_17
       4  ??DataTable2_18
       4  ??DataTable2_19
       4  ??DataTable2_2
       4  ??DataTable2_3
       4  ??DataTable2_4
       4  ??DataTable2_5
       4  ??DataTable2_6
       4  ??DataTable2_7
       4  ??DataTable2_8
       4  ??DataTable2_9
       6  OptimizedLed<1'073'872'916U, 5U>::Off for ILedOnOff/-4/() const
      16  OptimizedLed<1'073'872'916U, 5U>::Off() const
       6  OptimizedLed<1'073'872'916U, 5U>::On for ILedOnOff/-4/() const
      16  OptimizedLed<1'073'872'916U, 5U>::On() const
      16  OptimizedLed<1'073'872'916U, 5U>::Toggle() const
       4  SystemCoreClock
      72  __low_level_init
      88  __sti__routine()
      20  chessMode
      12  delay(int)
      16  fadeGlowMode
      16  led1
      16  led2
      16  led3
       8  led4
      16  leds
      16  ledsOnOff
      98  main
      20  modeController
      12  modes
      16  runningLightMode
      12  userButton
     196  -- Other

 
 132 bytes in section .bss
  56 bytes in section .data
   4 bytes in section .init_array
 192 bytes in section .rodata
 410 bytes in section .text
 
 354 bytes of CODE  memory (+  60 bytes shared)
   0 bytes of CONST memory (+ 192 bytes shared)
 188 bytes of DATA  memory

Errors: none
Warnings: 1
