###############################################################################
#
# IAR ANSI C/C++ Compiler V9.50.2.385/W64 for ARM         20/Dec/2025  12:51:59
# Copyright 1999-2024 IAR Systems AB.
#
#    Cpu mode                     =  thumb
#    Endian                       =  little
#    Source file                  =  C:\Users\andre\Desktop\code\main.cpp
#    Command line                 =
#        -f C:\Users\andre\Desktop\code\Debug\Obj\main.o.rsp
#        (C:\Users\andre\Desktop\code\main.cpp -lC
#        C:\Users\andre\Desktop\code\Debug\List\ -lA
#        C:\Users\andre\Desktop\code\Debug\List\ -o
#        C:\Users\andre\Desktop\code\Debug\Obj\ --no_cse --no_unroll
#        --no_inline --no_code_motion --no_tbaa --no_clustering --no_scheduling
#        --debug --endian=little --cpu=Cortex-M4 -e --fpu=VFPv4_sp
#        --dlib_config "C:\Program Files\IAR Systems\Embedded Workbench
#        9.2\arm\inc\c\DLib_Config_Normal.h" -I
#        C:\Users\andre\Desktop\code\Common\ -I
#        C:\Users\andre\Desktop\code\AHardware\Registers\STM32F411\FieldValues\
#        -I C:\Users\andre\Desktop\code\AHardware\Registers\STM32F411\ -I
#        C:\Users\andre\Desktop\code\AHardware\Registers\ -I
#        C:\Users\andre\Desktop\code\AHardware\Registers\CortexM4\ -I
#        C:\Users\andre\Desktop\code\AHardware\Registers\CortexM4\FieldValues\
#        -I C:\Users\andre\Desktop\code\Application\Led\Contracts\ -I
#        C:\Users\andre\Desktop\code\Application\Led\ -I
#        C:\Users\andre\Desktop\code\Application\Mode\Contracts\ -I
#        C:\Users\andre\Desktop\code\Application\Button\ -I
#        C:\Users\andre\Desktop\code\Application\Button\Contrats\ -I
#        C:\Users\andre\Desktop\code\Application\LcdController\ -I
#        C:\Users\andre\Desktop\code\Application\LcdController\Contracts\ -I
#        C:\Users\andre\Desktop\code\Application\Mode\ -On --c++
#        --no_exceptions --no_rtti) --dependencies=n
#        C:\Users\andre\Desktop\code\Debug\Obj\main.o.iar_deps
#    Locale                       =  C
#    List file                    =
#        C:\Users\andre\Desktop\code\Debug\List\main.lst
#    Object file                  =
#        C:\Users\andre\Desktop\code\Debug\Obj\main.o
#    Runtime model:                  
#      __CPP_Exceptions           =  Disabled
#      __CPP_Language             =  C++14
#      __CPP_Library              =  DLib
#      __CPP_Runtime              =  1
#      __SystemLibrary            =  DLib
#      __dlib_file_descriptor     =  0
#      __dlib_full_locale_support =  0
#      __dlib_version             =  6
#
###############################################################################

C:\Users\andre\Desktop\code\main.cpp
      1          #include "iostream"//for std::cout
      2          #include "rccregisters.hpp" // for RCC
      3          #include "gpioaregisters.hpp" // for GPIOA
      4          #include "gpiocregisters.hpp" // for GPIOС
      5          #include <array>// for std::array
      6          #include "Led.h" // for Led, ILedToggable, ILedOnOff
      7          #include "OptimizedLed.h" // for OptimizedLed

   \                                 In section .text, align 4
   \   __vfp void OptimizedLed<1'073'872'916U, 5U>::Toggle() const
   \                     _ZNK12OptimizedLedILj1073872916ELj5EE6ToggleEv: (+1)
   \        0x0   0x4A02             LDR.N    R2,??Toggle_0
   \        0x2   0x6811             LDR      R1,[R2, #+0]
   \        0x4   0xF091 0x0120      EORS     R1,R1,#0x20
   \        0x8   0x6011             STR      R1,[R2, #+0]
   \        0xA   0x4770             BX       LR
   \                     ??Toggle_0:
   \        0xC   0x4002'0014        DC32     0x40020014

   \                                 In section .text, align 4
   \   __vfp void OptimizedLed<1'073'872'916U, 5U>::On() const
   \                     _ZNK12OptimizedLedILj1073872916ELj5EE2OnEv: (+1)
   \        0x0   0x4A02             LDR.N    R2,??On_0
   \        0x2   0x6811             LDR      R1,[R2, #+0]
   \        0x4   0xF051 0x0120      ORRS     R1,R1,#0x20
   \        0x8   0x6011             STR      R1,[R2, #+0]
   \        0xA   0x4770             BX       LR
   \                     ??On_0:
   \        0xC   0x4002'0014        DC32     0x40020014

   \                                 In section .text, align 4
   \   __vfp void OptimizedLed<1'073'872'916U, 5U>::Off() const
   \                     _ZNK12OptimizedLedILj1073872916ELj5EE3OffEv: (+1)
   \        0x0   0x4A02             LDR.N    R2,??Off_0
   \        0x2   0x6811             LDR      R1,[R2, #+0]
   \        0x4   0xF031 0x0120      BICS     R1,R1,#0x20
   \        0x8   0x6011             STR      R1,[R2, #+0]
   \        0xA   0x4770             BX       LR
   \                     ??Off_0:
   \        0xC   0x4002'0014        DC32     0x40020014
      8          #include "CommonMode.h"
      9          #include "RunningLightMode.h"
     10          #include "FadeGlowMode.h"
     11          #include "ChessMode.h"
     12          #include "UserButton.h"
     13          #include "ModeController.h"
     14          #include "stkregisters.hpp" // for sys stk
     15          

   \                                 In section .data, align 4
     16          std::uint32_t SystemCoreClock = 16'000'000U;
   \                     SystemCoreClock:
   \        0x0   0x00F4'2400        DC32 16'000'000

   \                                 In section .bss, align 4
     17          std::uint32_t ticks = SystemCoreClock/1000U - 1U ;
   \                     ticks:
   \        0x0                      DS8 4
     18          extern "C" {

   \                                 In section .text, align 2, keep-with-next
     19          int __low_level_init(void)
     20          {
   \                     __low_level_init: (+1)
   \        0x0   0xB538             PUSH     {R3-R5,LR}
     21            //Switch on external 16 MHz oscillator
     22            RCC::CR::HSION::On::Set();
   \        0x2   0x....             LDR.N    R1,??DataTable2_15
   \        0x4   0x680A             LDR      R2,[R1, #+0]
   \        0x6   0xF052 0x0001      ORRS     R0,R2,#0x1
   \        0xA   0x6008             STR      R0,[R1, #+0]
     23            while (RCC::CR::HSIRDY::NotReady::IsSet())
   \                     ??__low_level_init_0: (+1)
   \        0xC   0x6808             LDR      R0,[R1, #+0]
   \        0xE   0x0840             LSRS     R0,R0,#+1
   \       0x10   0xF010 0x0001      ANDS     R0,R0,#0x1
   \       0x14   0xF090 0x0001      EORS     R0,R0,#0x1
   \       0x18   0xB2C0             UXTB     R0,R0
   \       0x1A   0x2800             CMP      R0,#+0
   \       0x1C   0xD1F6             BNE.N    ??__low_level_init_0
     24            {
     25          
     26            }
     27            //Switch system clock on external oscillator
     28            RCC::CFGR::SW::Hsi::Set();
   \       0x1E   0x....             LDR.N    R1,??DataTable2_16
   \       0x20   0x680A             LDR      R2,[R1, #+0]
   \       0x22   0x0890             LSRS     R0,R2,#+2
   \       0x24   0x0080             LSLS     R0,R0,#+2
   \       0x26   0x6008             STR      R0,[R1, #+0]
     29            while (!RCC::CFGR::SWS::Hsi::IsSet())
   \                     ??__low_level_init_1: (+1)
   \       0x28   0x6808             LDR      R0,[R1, #+0]
   \       0x2A   0xF010 0x0F0C      TST      R0,#0xC
   \       0x2E   0xD101             BNE.N    ??__low_level_init_2
   \       0x30   0x2001             MOVS     R0,#+1
   \       0x32   0xE000             B.N      ??__low_level_init_3
   \                     ??__low_level_init_2: (+1)
   \       0x34   0x2000             MOVS     R0,#+0
   \                     ??__low_level_init_3: (+1)
   \       0x36   0xB2C0             UXTB     R0,R0
   \       0x38   0x2800             CMP      R0,#+0
   \       0x3A   0xD0F5             BEQ.N    ??__low_level_init_1
     30            {
     31          
     32            }
     33            
     34            RCC::APB2ENR::SYSCFGEN::Enable::Set();
   \       0x3C   0x....             LDR.N    R2,??DataTable2_17
   \       0x3E   0x6810             LDR      R0,[R2, #+0]
   \       0x40   0xF450 0x4180      ORRS     R1,R0,#0x4000
   \       0x44   0x6011             STR      R1,[R2, #+0]
     35            
     36            STK::LOAD::RELOAD::Set(ticks);
   \       0x46   0x....             LDR.N    R1,??DataTable2_1
   \       0x48   0x680C             LDR      R4,[R1, #+0]
   \       0x4A   0xF5B4 0x0F00      CMP      R4,#+8388608
   \       0x4E   0xD306             BCC.N    ??__low_level_init_4
   \       0x50   0x221E             MOVS     R2,#+30
   \       0x52   0x....             LDR.N    R1,??DataTable2_18
   \       0x54   0x....             LDR.N    R0,??DataTable2_19
   \       0x56   0x.... 0x....      BL       __aeabi_assert
   \       0x5A   0x.... 0x....      BL       __iar_EmptyStepPoint
   \                     ??__low_level_init_4: (+1)
   \       0x5E   0x....             LDR.N    R0,??DataTable2_20
   \       0x60   0x6803             LDR      R3,[R0, #+0]
   \       0x62   0xF013 0x437F      ANDS     R3,R3,#0xFF000000
   \       0x66   0x4323             ORRS     R3,R4,R3
   \       0x68   0x6003             STR      R3,[R0, #+0]
     37            STK::VAL::Write(0);
   \       0x6A   0x2200             MOVS     R2,#+0
   \       0x6C   0x....             LDR.N    R0,??DataTable2_21
   \       0x6E   0x6002             STR      R2,[R0, #+0]
     38            STK::CTRL::ENABLE::Enable::Set();
   \       0x70   0x....             LDR.N    R5,??DataTable2_22
   \       0x72   0x6829             LDR      R1,[R5, #+0]
   \       0x74   0xF051 0x0001      ORRS     R0,R1,#0x1
   \       0x78   0x6028             STR      R0,[R5, #+0]
     39          
     40            
     41            return 1;
   \       0x7A   0x2001             MOVS     R0,#+1
   \       0x7C   0xBD32             POP      {R1,R4,R5,PC}
     42          }
     43          }
     44          
     45          

   \                                 In section .text, align 4, keep-with-next
     46          void delay(int cycles)
     47          {
     48            for(int i = 0; i < cycles; ++i)    
   \                     _Z5delayi: (+1)
   \        0x0   0x2100             MOVS     R1,#+0
   \                     ??delay_0: (+1)
   \        0x2   0x4281             CMP      R1,R0
   \        0x4   0xDA01             BGE.N    ??delay_1
     49            {
     50              asm volatile("");
   \        0x6   0x1C49             ADDS     R1,R1,#+1
   \        0x8   0xE7FB             B.N      ??delay_0
     51            }    
     52          }
   \                     ??delay_1: (+1)
   \        0xA   0x4770             BX       LR
     53          
     54          constexpr std::uint32_t buttonPinNum = 13;
     55          constexpr std::uint32_t portCIdrAddress = 0x40020810U;

   \                                 In section .text, align 2, keep-with-next
   \   static __intrinsic __vfp void __sti__routine()
   \                     __sti__routine: (+1)
   \        0x0   0xB538             PUSH     {R3-R5,LR}
   \        0x2   0x....             LDR.N    R0,??DataTable2
   \        0x4   0x6801             LDR      R1,[R0, #+0]
   \        0x6   0xF44F 0x707A      MOV      R0,#+1000
   \        0xA   0xFBB1 0xF1F0      UDIV     R1,R1,R0
   \        0xE   0x1E49             SUBS     R1,R1,#+1
   \       0x10   0x....             LDR.N    R0,??DataTable2_1
   \       0x12   0x6001             STR      R1,[R0, #+0]
     56          UserButton userButton(buttonPinNum, portCIdrAddress);
   \       0x14   0x....             LDR.N    R2,??DataTable2_2
   \       0x16   0x210D             MOVS     R1,#+13
   \       0x18   0x....             LDR.N    R0,??DataTable2_3
   \       0x1A   0x.... 0x....      BL       _ZN10UserButtonC1Ejj
     57          
     58          Led led1(5, 0x40020814U);
   \       0x1E   0x....             LDR.N    R4,??DataTable2_4
   \       0x20   0x0022             MOVS     R2,R4
   \       0x22   0x2105             MOVS     R1,#+5
   \       0x24   0x....             LDR.N    R0,??DataTable2_5
   \       0x26   0x.... 0x....      BL       _ZN3LedC1Ejj
     59          Led led2(8, 0x40020814U);
   \       0x2A   0x0022             MOVS     R2,R4
   \       0x2C   0x2108             MOVS     R1,#+8
   \       0x2E   0x....             LDR.N    R0,??DataTable2_6
   \       0x30   0x.... 0x....      BL       _ZN3LedC1Ejj
     60          Led led3(9, 0x40020814U);
   \       0x34   0x0022             MOVS     R2,R4
   \       0x36   0x2109             MOVS     R1,#+9
   \       0x38   0x....             LDR.N    R0,??DataTable2_7
   \       0x3A   0x.... 0x....      BL       _ZN3LedC1Ejj
     61          //Led led4(5, 0x40020014U);
     62          OptimizedLed<0x40020014U, 5> led4;
     63          
     64          tLeds leds = 
     65          {
     66            &led1,
     67            &led2,
     68            &led3,
     69            &led4
     70          };
     71          
     72          tLedsOnOff ledsOnOff = 
     73          {
     74            &led1,
     75            &led2,
     76            &led3,
     77            &led4
     78          };
     79          
     80          RunningLightMode runningLightMode(leds, ledsOnOff);
   \       0x3E   0x....             LDR.N    R5,??DataTable2_8
   \       0x40   0x....             LDR.N    R4,??DataTable2_9
   \       0x42   0x0022             MOVS     R2,R4
   \       0x44   0x0029             MOVS     R1,R5
   \       0x46   0x....             LDR.N    R0,??DataTable2_10
   \       0x48   0x.... 0x....      BL       _ZN16RunningLightModeC1ERKSt5arrayIP12ILedToggableLj4EERKS0_IP9ILedOnOffLj4EE
     81          FadeGlowMode fadeGlowMode(leds, ledsOnOff);
   \       0x4C   0x0022             MOVS     R2,R4
   \       0x4E   0x0029             MOVS     R1,R5
   \       0x50   0x....             LDR.N    R0,??DataTable2_11
   \       0x52   0x.... 0x....      BL       _ZN12FadeGlowModeC1ERKSt5arrayIP12ILedToggableLj4EERKS0_IP9ILedOnOffLj4EE
     82          ChessMode chessMode(leds, ledsOnOff);
   \       0x56   0x0022             MOVS     R2,R4
   \       0x58   0x0029             MOVS     R1,R5
   \       0x5A   0x....             LDR.N    R0,??DataTable2_12
   \       0x5C   0x.... 0x....      BL       _ZN9ChessModeC1ERKSt5arrayIP12ILedToggableLj4EERKS0_IP9ILedOnOffLj4EE
     83          
     84          
     85          tModes modes
     86          {
     87            &runningLightMode,
     88            &fadeGlowMode,
     89            &chessMode
     90          };
     91          
     92          ModeController modeController(modes);
   \       0x60   0x....             LDR.N    R1,??DataTable2_13
   \       0x62   0x....             LDR.N    R0,??DataTable2_14
   \       0x64   0x.... 0x....      BL       _ZN14ModeControllerC1ERKSt5arrayIP5IModeLj3EE
   \       0x68   0xBD31             POP      {R0,R4,R5,PC}

   \                                 In section .bss, align 4
   \                     userButton:
   \        0x0                      DS8 12

   \                                 In section .bss, align 4
   \                     led1:
   \        0x0                      DS8 16

   \                                 In section .bss, align 4
   \                     led2:
   \        0x0                      DS8 16

   \                                 In section .bss, align 4
   \                     led3:
   \        0x0                      DS8 16

   \                                 In section .data, align 4
   \                     led4:
   \        0x0   0x....'....        DC32 _ZTV12OptimizedLedILj1073872916ELj5EE + 0x8
   \        0x4   0x....'....        DC32 _ZTV12OptimizedLedILj1073872916ELj5EE + 0x1c

   \                                 In section .data, align 4
   \                     leds:
   \        0x0   0x....'....        DC32 led1, led2, led3, led4
   \              0x....'....  
   \              0x....'....  
   \              0x....'....

   \                                 In section .data, align 4
   \                     ledsOnOff:
   \        0x0   0x....'....        DC32 led1 + 0x4, led2 + 0x4, led3 + 0x4, led4 + 0x4
   \              0x....'....  
   \              0x....'....  
   \              0x....'....

   \                                 In section .bss, align 4
   \                     runningLightMode:
   \        0x0                      DS8 16

   \                                 In section .bss, align 4
   \                     fadeGlowMode:
   \        0x0                      DS8 16

   \                                 In section .bss, align 4
   \                     chessMode:
   \        0x0                      DS8 20

   \                                 In section .data, align 4
   \                     modes:
   \        0x0   0x....'....        DC32 runningLightMode, fadeGlowMode, chessMode
   \              0x....'....  
   \              0x....'....

   \                                 In section .bss, align 4
   \                     modeController:
   \        0x0                      DS8 20
     93          

   \                                 In section .text, align 2, keep-with-next
     94          int main()
     95          { 
   \                     main: (+1)
   \        0x0   0xB5F8             PUSH     {R3-R7,LR}
     96           
     97            //Подать тактирование на порт А
     98            RCC::AHB1ENR::GPIOAEN::Enable::Set() ;
   \        0x2   0x....             LDR.N    R2,??DataTable2_23
   \        0x4   0x6810             LDR      R0,[R2, #+0]
   \        0x6   0xF050 0x0101      ORRS     R1,R0,#0x1
   \        0xA   0x6011             STR      R1,[R2, #+0]
     99            //Подать тактирование на порт С
    100            RCC::AHB1ENR::GPIOCEN::Enable::Set() ;
   \        0xC   0x6811             LDR      R1,[R2, #+0]
   \        0xE   0xF051 0x0304      ORRS     R3,R1,#0x4
   \       0x12   0x6013             STR      R3,[R2, #+0]
    101            //Порта А.5 на вывод
    102            GPIOA::MODER::MODER5::Output::Set() ;
   \       0x14   0x....             LDR.N    R4,??DataTable2_24
   \       0x16   0x6822             LDR      R2,[R4, #+0]
   \       0x18   0x2601             MOVS     R6,#+1
   \       0x1A   0x0013             MOVS     R3,R2
   \       0x1C   0xF366 0x238B      BFI      R3,R6,#+10,#+2
   \       0x20   0x6023             STR      R3,[R4, #+0]
    103            //Порта C.5,C.8, C.9 на вывод
    104            GPIOC::MODER::MODER5::Output::Set() ;
   \       0x22   0x....             LDR.N    R3,??DataTable2_25
   \       0x24   0x681C             LDR      R4,[R3, #+0]
   \       0x26   0x0025             MOVS     R5,R4
   \       0x28   0xF366 0x258B      BFI      R5,R6,#+10,#+2
   \       0x2C   0x601D             STR      R5,[R3, #+0]
    105            GPIOC::MODER::MODER8::Output::Set() ;
   \       0x2E   0x681D             LDR      R5,[R3, #+0]
   \       0x30   0x002F             MOVS     R7,R5
   \       0x32   0xF366 0x4711      BFI      R7,R6,#+16,#+2
   \       0x36   0x601F             STR      R7,[R3, #+0]
    106            GPIOC::MODER::MODER9::Output::Set() ;
   \       0x38   0xF8D3 0xC000      LDR      R12,[R3, #+0]
   \       0x3C   0x4667             MOV      R7,R12
   \       0x3E   0xF366 0x4793      BFI      R7,R6,#+18,#+2
   \       0x42   0x601F             STR      R7,[R3, #+0]
    107            
    108            for(;;)
    109            {   
    110              if (userButton.WasPressed())
   \                     ??main_0: (+1)
   \       0x44   0x....             LDR.N    R0,??DataTable2_3
   \       0x46   0x.... 0x....      BL       _ZNK10UserButton10WasPressedEv
   \       0x4A   0x2800             CMP      R0,#+0
   \       0x4C   0xD002             BEQ.N    ??main_1
    111              {
    112                modeController.SwitchMode(); 
   \       0x4E   0x....             LDR.N    R0,??DataTable2_14
   \       0x50   0x.... 0x....      BL       _ZN14ModeController10SwitchModeEv
    113              }
    114              if (!STK::CTRL::COUNTFLAG::NoOverflow::IsSet())
   \                     ??main_1: (+1)
   \       0x54   0x....             LDR.N    R0,??DataTable2_22
   \       0x56   0x6800             LDR      R0,[R0, #+0]
   \       0x58   0x0C00             LSRS     R0,R0,#+16
   \       0x5A   0xF010 0x0001      ANDS     R0,R0,#0x1
   \       0x5E   0xF090 0x0001      EORS     R0,R0,#0x1
   \       0x62   0xB2C0             UXTB     R0,R0
   \       0x64   0x2800             CMP      R0,#+0
   \       0x66   0xD1ED             BNE.N    ??main_0
    115              {
    116                
    117             // delay(500000);
    118              modeController.RunCurrentMode(); 
   \       0x68   0x....             LDR.N    R0,??DataTable2_14
   \       0x6A   0x.... 0x....      BL       _ZN14ModeController14RunCurrentModeEv
   \       0x6E   0xE7E9             B.N      ??main_0
    119              }
    120            
    121            
    122               //GPIOA::ODR::ODR5::High::Set();
    123               //GPIOC::ODR::ODR5::High::Set();
    124               //GPIOA::ODR::ODR5::Low::Set();
    125               //GPIOC::ODR::ODR5::Low::Set();
    126            }
    127            return 1;
                   ^
Warning[Pe111]: statement is unreachable
    128          }

   \                                 In section .text, align 4, keep-with-next
   \                     ??DataTable2:
   \        0x0   0x....'....        DC32     SystemCoreClock

   \                                 In section .text, align 4, keep-with-next
   \                     ??DataTable2_1:
   \        0x0   0x....'....        DC32     ticks

   \                                 In section .text, align 4, keep-with-next
   \                     ??DataTable2_2:
   \        0x0   0x4002'0810        DC32     0x40020810

   \                                 In section .text, align 4, keep-with-next
   \                     ??DataTable2_3:
   \        0x0   0x....'....        DC32     userButton

   \                                 In section .text, align 4, keep-with-next
   \                     ??DataTable2_4:
   \        0x0   0x4002'0814        DC32     0x40020814

   \                                 In section .text, align 4, keep-with-next
   \                     ??DataTable2_5:
   \        0x0   0x....'....        DC32     led1

   \                                 In section .text, align 4, keep-with-next
   \                     ??DataTable2_6:
   \        0x0   0x....'....        DC32     led2

   \                                 In section .text, align 4, keep-with-next
   \                     ??DataTable2_7:
   \        0x0   0x....'....        DC32     led3

   \                                 In section .text, align 4, keep-with-next
   \                     ??DataTable2_8:
   \        0x0   0x....'....        DC32     leds

   \                                 In section .text, align 4, keep-with-next
   \                     ??DataTable2_9:
   \        0x0   0x....'....        DC32     ledsOnOff

   \                                 In section .text, align 4, keep-with-next
   \                     ??DataTable2_10:
   \        0x0   0x....'....        DC32     runningLightMode

   \                                 In section .text, align 4, keep-with-next
   \                     ??DataTable2_11:
   \        0x0   0x....'....        DC32     fadeGlowMode

   \                                 In section .text, align 4, keep-with-next
   \                     ??DataTable2_12:
   \        0x0   0x....'....        DC32     chessMode

   \                                 In section .text, align 4, keep-with-next
   \                     ??DataTable2_13:
   \        0x0   0x....'....        DC32     modes

   \                                 In section .text, align 4, keep-with-next
   \                     ??DataTable2_14:
   \        0x0   0x....'....        DC32     modeController

   \                                 In section .text, align 4, keep-with-next
   \                     ??DataTable2_15:
   \        0x0   0x4002'3800        DC32     0x40023800

   \                                 In section .text, align 4, keep-with-next
   \                     ??DataTable2_16:
   \        0x0   0x4002'3808        DC32     0x40023808

   \                                 In section .text, align 4, keep-with-next
   \                     ??DataTable2_17:
   \        0x0   0x4002'3844        DC32     0x40023844

   \                                 In section .text, align 4, keep-with-next
   \                     ??DataTable2_18:
   \        0x0   0x....'....        DC32     _ZZN13RegisterFieldIN3STK4LOADELj0ELj24E13ReadWriteModevE3SetIS2_vEEvjEs_0

   \                                 In section .text, align 4, keep-with-next
   \                     ??DataTable2_19:
   \        0x0   0x....'....        DC32     _ZZN13RegisterFieldIN3STK4LOADELj0ELj24E13ReadWriteModevE3SetIS2_vEEvjEs

   \                                 In section .text, align 4, keep-with-next
   \                     ??DataTable2_20:
   \        0x0   0xE000'E014        DC32     0xe000e014

   \                                 In section .text, align 4, keep-with-next
   \                     ??DataTable2_21:
   \        0x0   0xE000'E018        DC32     0xe000e018

   \                                 In section .text, align 4, keep-with-next
   \                     ??DataTable2_22:
   \        0x0   0xE000'E010        DC32     0xe000e010

   \                                 In section .text, align 4, keep-with-next
   \                     ??DataTable2_23:
   \        0x0   0x4002'3830        DC32     0x40023830

   \                                 In section .text, align 4, keep-with-next
   \                     ??DataTable2_24:
   \        0x0   0x4002'0000        DC32     0x40020000

   \                                 In section .text, align 4, keep-with-next
   \                     ??DataTable2_25:
   \        0x0   0x4002'0800        DC32     0x40020800

   \                                 In section .text, align 2
   \   __vfp void OptimizedLed<1'073'872'916U, 5U>::On for ILedOnOff/-4/() const
   \                     _ZThn4_NK12OptimizedLedILj1073872916ELj5EE2OnEv: (+1)
   \        0x0   0x1F00             SUBS     R0,R0,#+4
   \        0x2   0x.... 0x....      B.W      _ZNK12OptimizedLedILj1073872916ELj5EE2OnEv

   \                                 In section .text, align 2
   \   __vfp void OptimizedLed<1'073'872'916U, 5U>::Off for ILedOnOff/-4/() const
   \                     _ZThn4_NK12OptimizedLedILj1073872916ELj5EE3OffEv: (+1)
   \        0x0   0x1F00             SUBS     R0,R0,#+4
   \        0x2   0x.... 0x....      B.W      _ZNK12OptimizedLedILj1073872916ELj5EE3OffEv
    129          

   Maximum stack usage in bytes:

   .cstack Function
   ------- --------
       0   OptimizedLed<1'073'872'916U, 5U>::Off for ILedOnOff/-4/() const
         0   -> OptimizedLed<1'073'872'916U, 5U>::Off() const
       0   OptimizedLed<1'073'872'916U, 5U>::Off() const
       0   OptimizedLed<1'073'872'916U, 5U>::On for ILedOnOff/-4/() const
         0   -> OptimizedLed<1'073'872'916U, 5U>::On() const
       0   OptimizedLed<1'073'872'916U, 5U>::On() const
       0   OptimizedLed<1'073'872'916U, 5U>::Toggle() const
      16   __low_level_init
        16   -> __aeabi_assert
        16   -> __iar_EmptyStepPoint
      16   __sti__routine()
        16   -> ChessMode::ChessMode(tLeds const &, tLedsOnOff const &)
        16   -> FadeGlowMode::FadeGlowMode(tLeds const &, tLedsOnOff const &)
        16   -> Led::Led(uint32_t, uint32_t)
        16   -> ModeController::ModeController(tModes const &)
        16   -> RunningLightMode::RunningLightMode(tLeds const &, tLedsOnOff const &)
        16   -> UserButton::UserButton(uint32_t, uint32_t)
       0   delay(int)
      24   main
        24   -> ModeController::RunCurrentMode()
        24   -> ModeController::SwitchMode()
        24   -> UserButton::WasPressed() const


   Section sizes:

   Bytes  Function/Label
   -----  --------------
       4  ??DataTable2
       4  ??DataTable2_1
       4  ??DataTable2_10
       4  ??DataTable2_11
       4  ??DataTable2_12
       4  ??DataTable2_13
       4  ??DataTable2_14
       4  ??DataTable2_15
       4  ??DataTable2_16
       4  ??DataTable2_17
       4  ??DataTable2_18
       4  ??DataTable2_19
       4  ??DataTable2_2
       4  ??DataTable2_20
       4  ??DataTable2_21
       4  ??DataTable2_22
       4  ??DataTable2_23
       4  ??DataTable2_24
       4  ??DataTable2_25
       4  ??DataTable2_3
       4  ??DataTable2_4
       4  ??DataTable2_5
       4  ??DataTable2_6
       4  ??DataTable2_7
       4  ??DataTable2_8
       4  ??DataTable2_9
       6  OptimizedLed<1'073'872'916U, 5U>::Off for ILedOnOff/-4/() const
      16  OptimizedLed<1'073'872'916U, 5U>::Off() const
       6  OptimizedLed<1'073'872'916U, 5U>::On for ILedOnOff/-4/() const
      16  OptimizedLed<1'073'872'916U, 5U>::On() const
      16  OptimizedLed<1'073'872'916U, 5U>::Toggle() const
       4  SystemCoreClock
     126  __low_level_init
     106  __sti__routine()
      20  chessMode
      12  delay(int)
      16  fadeGlowMode
      16  led1
      16  led2
      16  led3
       8  led4
      16  leds
      16  ledsOnOff
     112  main
      20  modeController
      12  modes
      16  runningLightMode
       4  ticks
      12  userButton
     292  -- Other

 
 136 bytes in section .bss
  56 bytes in section .data
   4 bytes in section .init_array
 288 bytes in section .rodata
 520 bytes in section .text
 
 464 bytes of CODE  memory (+  60 bytes shared)
   0 bytes of CONST memory (+ 288 bytes shared)
 192 bytes of DATA  memory

Errors: none
Warnings: 1
